******************************************************************************
                  TI ARM Linker PC v20.2.1                     
******************************************************************************
>> Linked Tue Feb  2 23:14:04 2021

OUTPUT FILE NAME:   <Hello_SysTick.out>
ENTRY POINT SYMBOL: "_c_int00_noargs"  address: 000029ed


MEMORY CONFIGURATION

         name            origin    length      used     unused   attr    fill
----------------------  --------  ---------  --------  --------  ----  --------
  FLASH                 00000000   00040000  000030bc  0003cf44  R  X
  SRAM                  20000000   00008000  0000046e  00007b92  RW X


SEGMENT ALLOCATION MAP

run origin  load origin   length   init length attrs members
----------  ----------- ---------- ----------- ----- -------
00000000    00000000    000030c0   000030c0    r-x
  00000000    00000000    0000026c   0000026c    r-- .intvecs
  0000026c    0000026c    000027f8   000027f8    r-x .text
  00002a64    00002a64    00000628   00000628    r-- .const
  00003090    00003090    00000030   00000030    r-- .cinit
20000000    20000000    00000470   00000000    rw-
  20000000    20000000    0000026c   00000000    rw- .vtable
  2000026c    2000026c    00000002   00000000    rw- .data
  20000270    20000270    00000200   00000000    rw- .stack


SECTION ALLOCATION MAP

 output                                  attributes/
section   page    origin      length       input sections
--------  ----  ----------  ----------   ----------------
.intvecs   0    00000000    0000026c     
                  00000000    0000026c     tm4c123gh6pm_startup_ccs.obj (.intvecs)

.text      0    0000026c    000027f8     
                  0000026c    00000f80     sysctl.obj (.text)
                  000011ec    00000b94     gpio.obj (.text)
                  00001d80    00000642     timer.obj (.text)
                  000023c2    00000002     --HOLE-- [fill = 0]
                  000023c4    000003c0     interrupt.obj (.text)
                  00002784    000000e0     main.obj (.text)
                  00002864    0000009c     rtsv7M4_T_le_v4SPD16_eabi.lib : memcpy_t2.asm.obj (.text)
                  00002900    00000068                                   : copy_decompress_lzss.c.obj (.text:decompress:lzss:__TI_decompress_lzss)
                  00002968    00000044                                   : autoinit.c.obj (.text:__TI_auto_init_nobinit_nopinit:__TI_auto_init_nobinit_nopinit)
                  000029ac    0000003e     cpu.obj (.text)
                  000029ea    00000002     --HOLE-- [fill = 0]
                  000029ec    00000034     rtsv7M4_T_le_v4SPD16_eabi.lib : boot_cortex_m.c.obj (.text:_c_int00_noargs:_c_int00_noargs)
                  00002a20    0000001c                                   : copy_zero_init.c.obj (.text:decompress:ZI:__TI_zero_init_nomemset:__TI_zero_init_nomemset)
                  00002a3c    0000000e                                   : copy_decompress_none.c.obj (.text:decompress:none:__TI_decompress_none)
                  00002a4a    0000000c     tm4c123gh6pm_startup_ccs.obj (.text)
                  00002a56    00000006     sysctl.obj (.text:SysCtlDelay)
                  00002a5c    00000004     rtsv7M4_T_le_v4SPD16_eabi.lib : pre_init.c.obj (.text:_system_pre_init)
                  00002a60    00000004                                   : exit.c.obj (.text:abort:abort)

.const     0    00002a64    00000628     
                  00002a64    000001b0     sysctl.obj (.const:g_pppui32XTALtoVCO)
                  00002c14    000000d8     gpio.obj (.const:g_ppui32GPIOIntMapSnowflake)
                  00002cec    000000c0     gpio.obj (.const:g_ppui32GPIOIntMapBlizzard)
                  00002dac    0000009c     interrupt.obj (.const:g_pui32Regs)
                  00002e48    00000090     gpio.obj (.const:g_pui32GPIOBaseAddrs)
                  00002ed8    0000006c     sysctl.obj (.const:g_pui32Xtals)
                  00002f44    00000060     timer.obj (.const:g_ppui32TimerIntMap)
                  00002fa4    00000040     timer.obj (.const:g_ppui32TimerIntMapSnowflake)
                  00002fe4    00000030     sysctl.obj (.const:g_sXTALtoMEMTIM)
                  00003014    00000020     interrupt.obj (.const:g_pui32Priority)
                  00003034    00000014     interrupt.obj (.const:g_pui32Dii16Regs)
                  00003048    00000014     interrupt.obj (.const:g_pui32EnRegs)
                  0000305c    00000014     interrupt.obj (.const:g_pui32PendRegs)
                  00003070    00000014     interrupt.obj (.const:g_pui32UnpendRegs)
                  00003084    00000008     sysctl.obj (.const:g_pui32VCOFrequencies)

.cinit     0    00003090    00000030     
                  00003090    0000000c     (__TI_handler_table)
                  0000309c    00000004     --HOLE-- [fill = 0]
                  000030a0    00000008     (.cinit..vtable.load) [load image, compression = zero_init]
                  000030a8    00000006     (.cinit..data.load) [load image, compression = lzss]
                  000030ae    00000002     --HOLE-- [fill = 0]
                  000030b0    00000010     (__TI_cinit_table)

.init_array 
*          0    00000000    00000000     UNINITIALIZED

.vtable    0    20000000    0000026c     UNINITIALIZED
                  20000000    0000026c     interrupt.obj (.vtable)

.data      0    2000026c    00000002     UNINITIALIZED
                  2000026c    00000002     main.obj (.data)

.stack     0    20000270    00000200     UNINITIALIZED
                  20000270    00000004     rtsv7M4_T_le_v4SPD16_eabi.lib : boot_cortex_m.c.obj (.stack)
                  20000274    000001fc     --HOLE--

__llvm_prf_cnts 
*          0    20000000    00000000     UNINITIALIZED

MODULE SUMMARY

       Module                         code    ro data   rw data
       ------                         ----    -------   -------
    .\
       tm4c123gh6pm_startup_ccs.obj   12      620       0      
       main.obj                       224     0         2      
    +--+------------------------------+-------+---------+---------+
       Total:                         236     620       2      
                                                               
    .\driverlib\
       sysctl.obj                     3974    596       0      
       gpio.obj                       2964    552       0      
       interrupt.obj                  960     268       620    
       timer.obj                      1602    160       0      
       cpu.obj                        62      0         0      
    +--+------------------------------+-------+---------+---------+
       Total:                         9562    1576      620    
                                                               
    C:\ti\ccs1011\ccs\tools\compiler\ti-cgt-arm_20.2.1.LTS\lib\rtsv7M4_T_le_v4SPD16_eabi.lib
       memcpy_t2.asm.obj              156     0         0      
       copy_decompress_lzss.c.obj     104     0         0      
       autoinit.c.obj                 68      0         0      
       boot_cortex_m.c.obj            52      0         0      
       copy_zero_init.c.obj           28      0         0      
       copy_decompress_none.c.obj     14      0         0      
       exit.c.obj                     4       0         0      
       pre_init.c.obj                 4       0         0      
    +--+------------------------------+-------+---------+---------+
       Total:                         430     0         0      
                                                               
       Stack:                         0       0         512    
       Linker Generated:              0       42        0      
    +--+------------------------------+-------+---------+---------+
       Grand Total:                   10228   2238      1134   


LINKER GENERATED COPY TABLES

__TI_cinit_table @ 000030b0 records: 2, size/record: 8, table size: 16
	.vtable: load addr=000030a0, load size=00000008 bytes, run addr=20000000, run size=0000026c bytes, compression=zero_init
	.data: load addr=000030a8, load size=00000006 bytes, run addr=2000026c, run size=00000002 bytes, compression=lzss


LINKER GENERATED HANDLER TABLE

__TI_handler_table @ 00003090 records: 3, size/record: 4, table size: 12
	index: 0, handler: __TI_zero_init
	index: 1, handler: __TI_decompress_lzss
	index: 2, handler: __TI_decompress_none


GLOBAL SYMBOLS: SORTED ALPHABETICALLY BY Name 

address   name                            
-------   ----                            
00002a61  C$$EXIT                         
000029e1  CPUbasepriGet                   
000029d3  CPUbasepriSet                   
000029ad  CPUcpsid                        
000029c3  CPUcpsie                        
000029b9  CPUprimask                      
000029cf  CPUwfi                          
00001d59  GPIOADCTriggerDisable           
00001d3b  GPIOADCTriggerEnable            
00001d1d  GPIODMATriggerDisable           
00001cff  GPIODMATriggerEnable            
000012a7  GPIODirModeGet                  
0000124b  GPIODirModeSet                  
0000180f  GPIOIntClear                    
000017d3  GPIOIntDisable                  
000017b9  GPIOIntEnable                   
00001823  GPIOIntRegister                 
0000185b  GPIOIntRegisterPin              
000017ed  GPIOIntStatus                   
00001397  GPIOIntTypeGet                  
000012f3  GPIOIntTypeSet                  
00001841  GPIOIntUnregister               
00001889  GPIOIntUnregisterPin            
00001667  GPIOPadConfigGet                
0000142d  GPIOPadConfigSet                
00001ca1  GPIOPinConfigure                
000018ad  GPIOPinRead                     
000018e5  GPIOPinTypeADC                  
00001909  GPIOPinTypeCAN                  
0000192d  GPIOPinTypeComparator           
00001951  GPIOPinTypeComparatorOutput     
00001975  GPIOPinTypeDIVSCLK              
00001999  GPIOPinTypeEPI                  
000019bd  GPIOPinTypeEthernetLED          
000019e1  GPIOPinTypeEthernetMII          
00001a05  GPIOPinTypeGPIOInput            
00001a29  GPIOPinTypeGPIOOutput           
00001a4d  GPIOPinTypeGPIOOutputOD         
00001a71  GPIOPinTypeHibernateRTCCLK      
00001a95  GPIOPinTypeI2C                  
00001ab9  GPIOPinTypeI2CSCL               
00001add  GPIOPinTypeLCD                  
00001b01  GPIOPinTypeOneWire              
00001b25  GPIOPinTypePWM                  
00001b49  GPIOPinTypeQEI                  
00001b6d  GPIOPinTypeSSI                  
00001b91  GPIOPinTypeTimer                
00001bb5  GPIOPinTypeTrace                
00001bd9  GPIOPinTypeUART                 
00001bfd  GPIOPinTypeUSBAnalog            
00001c21  GPIOPinTypeUSBDigital           
00001c45  GPIOPinTypeWakeHigh             
00001c6b  GPIOPinTypeWakeLow              
00001c91  GPIOPinWakeStatus               
000018c5  GPIOPinWrite                    
00002585  IntDisable                      
00002513  IntEnable                       
000025f7  IntIsEnabled                    
000023d7  IntMasterDisable                
000023c7  IntMasterEnable                 
000026ed  IntPendClear                    
0000267d  IntPendSet                      
000024ef  IntPriorityGet                  
00002467  IntPriorityGroupingGet          
0000244d  IntPriorityGroupingSet          
00002747  IntPriorityMaskGet              
0000273b  IntPriorityMaskSet              
0000249f  IntPrioritySet                  
000023e7  IntRegister                     
0000274f  IntTrigger                      
00002439  IntUnregister                   
00002a4b  ResetISR                        
000011a9  SysCtlAltClkConfig              
000008d1  SysCtlClockFreqSet              
00000d99  SysCtlClockGet                  
0000118d  SysCtlClockOutConfig            
00000bc9  SysCtlClockSet                  
000007d5  SysCtlDeepSleep                 
00000f5d  SysCtlDeepSleepClockConfigSet   
00000f3f  SysCtlDeepSleepClockSet         
000007b5  SysCtlDeepSleepPowerSet         
00002a57  SysCtlDelay                     
00000363  SysCtlFlashSectorSizeGet        
00000337  SysCtlFlashSizeGet              
00001033  SysCtlGPIOAHBDisable            
00001017  SysCtlGPIOAHBEnable             
00000749  SysCtlIntClear                  
00000731  SysCtlIntDisable                
0000071d  SysCtlIntEnable                 
000006f5  SysCtlIntRegister               
00000759  SysCtlIntStatus                 
0000070d  SysCtlIntUnregister             
0000079b  SysCtlLDODeepSleepGet           
0000078b  SysCtlLDODeepSleepSet           
00000785  SysCtlLDOSleepGet               
00000775  SysCtlLDOSleepSet               
0000080b  SysCtlMOSCConfigSet             
00001171  SysCtlNMIClear                  
0000115d  SysCtlNMIStatus                 
00000821  SysCtlPIOSCCalibrate            
00001001  SysCtlPWMClockGet               
00000fe7  SysCtlPWMClockSet               
000006a1  SysCtlPeripheralClockGating     
00000659  SysCtlPeripheralDeepSleepDisable
00000609  SysCtlPeripheralDeepSleepEnable 
00000545  SysCtlPeripheralDisable         
00000509  SysCtlPeripheralEnable          
00000445  SysCtlPeripheralPowerOff        
00000409  SysCtlPeripheralPowerOn         
00000389  SysCtlPeripheralPresent         
000003c9  SysCtlPeripheralReady           
00000481  SysCtlPeripheralReset           
000005cd  SysCtlPeripheralSleepDisable    
00000589  SysCtlPeripheralSleepEnable     
000007c5  SysCtlReset                     
00000881  SysCtlResetBehaviorGet          
00000871  SysCtlResetBehaviorSet          
000007f7  SysCtlResetCauseClear           
000007f1  SysCtlResetCauseGet             
0000032d  SysCtlSRAMSizeGet               
000007cd  SysCtlSleep                     
000007a1  SysCtlSleepPowerSet             
0000105b  SysCtlUSBPLLDisable             
0000104f  SysCtlUSBPLLEnable              
000010a1  SysCtlVCOGet                    
00001089  SysCtlVoltageEventClear         
0000106d  SysCtlVoltageEventConfig        
0000107d  SysCtlVoltageEventStatus        
00002785  Timer0_Handler                  
00002341  TimerADCEventGet                
0000232f  TimerADCEventSet                
00002065  TimerClockSourceGet             
0000203b  TimerClockSourceSet             
00001e2f  TimerConfigure                  
00001f4f  TimerControlEvent               
00001eab  TimerControlLevel               
00001f79  TimerControlStall               
00001ee1  TimerControlTrigger             
00001faf  TimerControlWaitOnTrigger       
00002361  TimerDMAEventGet                
0000234f  TimerDMAEventSet                
00001e11  TimerDisable                    
00001df3  TimerEnable                     
0000230b  TimerIntClear                   
000022d5  TimerIntDisable                 
000022bd  TimerIntEnable                  
00002277  TimerIntRegister                
000022ed  TimerIntStatus                  
0000229f  TimerIntUnregister              
0000212f  TimerLoadGet                    
00002165  TimerLoadGet64                  
00002105  TimerLoadSet                    
0000214b  TimerLoadSet64                  
0000220f  TimerMatchGet                   
00002245  TimerMatchGet64                 
000021e5  TimerMatchSet                   
0000222b  TimerMatchSet64                 
0000209f  TimerPrescaleGet                
000020e9  TimerPrescaleMatchGet           
000020bb  TimerPrescaleMatchSet           
00002075  TimerPrescaleSet                
00002025  TimerRTCDisable                 
0000200f  TimerRTCEnable                  
0000231d  TimerSynchronize                
0000236f  TimerUpdateMode                 
00002197  TimerValueGet                   
000021b3  TimerValueGet64                 
20000470  __STACK_END                     
00000200  __STACK_SIZE                    
20000470  __STACK_TOP                     
000030b0  __TI_CINIT_Base                 
000030c0  __TI_CINIT_Limit                
00003090  __TI_Handler_Table_Base         
0000309c  __TI_Handler_Table_Limit        
00002969  __TI_auto_init_nobinit_nopinit  
00002901  __TI_decompress_lzss            
00002a3d  __TI_decompress_none            
ffffffff  __TI_pprof_out_hndl             
ffffffff  __TI_prof_data_size             
ffffffff  __TI_prof_data_start            
00000000  __TI_static_base__              
00002a21  __TI_zero_init_nomemset         
00002865  __aeabi_memcpy                  
00002865  __aeabi_memcpy4                 
00002865  __aeabi_memcpy8                 
ffffffff  __binit__                       
ffffffff  __c_args__                      
UNDEFED   __mpu_init                      
20000270  __stack                         
20000000  __start___llvm_prf_cnts         
20000000  __stop___llvm_prf_cnts          
000029ed  _c_int00_noargs                 
UNDEFED   _system_post_cinit              
00002a5d  _system_pre_init                
00002a61  abort                           
ffffffff  binit                           
20000000  g_pfnRAMVectors                 
00000000  g_pfnVectors                    
000027dd  main                            
00002865  memcpy                          


GLOBAL SYMBOLS: SORTED BY Symbol Address 

address   name                            
-------   ----                            
00000000  __TI_static_base__              
00000000  g_pfnVectors                    
00000200  __STACK_SIZE                    
0000032d  SysCtlSRAMSizeGet               
00000337  SysCtlFlashSizeGet              
00000363  SysCtlFlashSectorSizeGet        
00000389  SysCtlPeripheralPresent         
000003c9  SysCtlPeripheralReady           
00000409  SysCtlPeripheralPowerOn         
00000445  SysCtlPeripheralPowerOff        
00000481  SysCtlPeripheralReset           
00000509  SysCtlPeripheralEnable          
00000545  SysCtlPeripheralDisable         
00000589  SysCtlPeripheralSleepEnable     
000005cd  SysCtlPeripheralSleepDisable    
00000609  SysCtlPeripheralDeepSleepEnable 
00000659  SysCtlPeripheralDeepSleepDisable
000006a1  SysCtlPeripheralClockGating     
000006f5  SysCtlIntRegister               
0000070d  SysCtlIntUnregister             
0000071d  SysCtlIntEnable                 
00000731  SysCtlIntDisable                
00000749  SysCtlIntClear                  
00000759  SysCtlIntStatus                 
00000775  SysCtlLDOSleepSet               
00000785  SysCtlLDOSleepGet               
0000078b  SysCtlLDODeepSleepSet           
0000079b  SysCtlLDODeepSleepGet           
000007a1  SysCtlSleepPowerSet             
000007b5  SysCtlDeepSleepPowerSet         
000007c5  SysCtlReset                     
000007cd  SysCtlSleep                     
000007d5  SysCtlDeepSleep                 
000007f1  SysCtlResetCauseGet             
000007f7  SysCtlResetCauseClear           
0000080b  SysCtlMOSCConfigSet             
00000821  SysCtlPIOSCCalibrate            
00000871  SysCtlResetBehaviorSet          
00000881  SysCtlResetBehaviorGet          
000008d1  SysCtlClockFreqSet              
00000bc9  SysCtlClockSet                  
00000d99  SysCtlClockGet                  
00000f3f  SysCtlDeepSleepClockSet         
00000f5d  SysCtlDeepSleepClockConfigSet   
00000fe7  SysCtlPWMClockSet               
00001001  SysCtlPWMClockGet               
00001017  SysCtlGPIOAHBEnable             
00001033  SysCtlGPIOAHBDisable            
0000104f  SysCtlUSBPLLEnable              
0000105b  SysCtlUSBPLLDisable             
0000106d  SysCtlVoltageEventConfig        
0000107d  SysCtlVoltageEventStatus        
00001089  SysCtlVoltageEventClear         
000010a1  SysCtlVCOGet                    
0000115d  SysCtlNMIStatus                 
00001171  SysCtlNMIClear                  
0000118d  SysCtlClockOutConfig            
000011a9  SysCtlAltClkConfig              
0000124b  GPIODirModeSet                  
000012a7  GPIODirModeGet                  
000012f3  GPIOIntTypeSet                  
00001397  GPIOIntTypeGet                  
0000142d  GPIOPadConfigSet                
00001667  GPIOPadConfigGet                
000017b9  GPIOIntEnable                   
000017d3  GPIOIntDisable                  
000017ed  GPIOIntStatus                   
0000180f  GPIOIntClear                    
00001823  GPIOIntRegister                 
00001841  GPIOIntUnregister               
0000185b  GPIOIntRegisterPin              
00001889  GPIOIntUnregisterPin            
000018ad  GPIOPinRead                     
000018c5  GPIOPinWrite                    
000018e5  GPIOPinTypeADC                  
00001909  GPIOPinTypeCAN                  
0000192d  GPIOPinTypeComparator           
00001951  GPIOPinTypeComparatorOutput     
00001975  GPIOPinTypeDIVSCLK              
00001999  GPIOPinTypeEPI                  
000019bd  GPIOPinTypeEthernetLED          
000019e1  GPIOPinTypeEthernetMII          
00001a05  GPIOPinTypeGPIOInput            
00001a29  GPIOPinTypeGPIOOutput           
00001a4d  GPIOPinTypeGPIOOutputOD         
00001a71  GPIOPinTypeHibernateRTCCLK      
00001a95  GPIOPinTypeI2C                  
00001ab9  GPIOPinTypeI2CSCL               
00001add  GPIOPinTypeLCD                  
00001b01  GPIOPinTypeOneWire              
00001b25  GPIOPinTypePWM                  
00001b49  GPIOPinTypeQEI                  
00001b6d  GPIOPinTypeSSI                  
00001b91  GPIOPinTypeTimer                
00001bb5  GPIOPinTypeTrace                
00001bd9  GPIOPinTypeUART                 
00001bfd  GPIOPinTypeUSBAnalog            
00001c21  GPIOPinTypeUSBDigital           
00001c45  GPIOPinTypeWakeHigh             
00001c6b  GPIOPinTypeWakeLow              
00001c91  GPIOPinWakeStatus               
00001ca1  GPIOPinConfigure                
00001cff  GPIODMATriggerEnable            
00001d1d  GPIODMATriggerDisable           
00001d3b  GPIOADCTriggerEnable            
00001d59  GPIOADCTriggerDisable           
00001df3  TimerEnable                     
00001e11  TimerDisable                    
00001e2f  TimerConfigure                  
00001eab  TimerControlLevel               
00001ee1  TimerControlTrigger             
00001f4f  TimerControlEvent               
00001f79  TimerControlStall               
00001faf  TimerControlWaitOnTrigger       
0000200f  TimerRTCEnable                  
00002025  TimerRTCDisable                 
0000203b  TimerClockSourceSet             
00002065  TimerClockSourceGet             
00002075  TimerPrescaleSet                
0000209f  TimerPrescaleGet                
000020bb  TimerPrescaleMatchSet           
000020e9  TimerPrescaleMatchGet           
00002105  TimerLoadSet                    
0000212f  TimerLoadGet                    
0000214b  TimerLoadSet64                  
00002165  TimerLoadGet64                  
00002197  TimerValueGet                   
000021b3  TimerValueGet64                 
000021e5  TimerMatchSet                   
0000220f  TimerMatchGet                   
0000222b  TimerMatchSet64                 
00002245  TimerMatchGet64                 
00002277  TimerIntRegister                
0000229f  TimerIntUnregister              
000022bd  TimerIntEnable                  
000022d5  TimerIntDisable                 
000022ed  TimerIntStatus                  
0000230b  TimerIntClear                   
0000231d  TimerSynchronize                
0000232f  TimerADCEventSet                
00002341  TimerADCEventGet                
0000234f  TimerDMAEventSet                
00002361  TimerDMAEventGet                
0000236f  TimerUpdateMode                 
000023c7  IntMasterEnable                 
000023d7  IntMasterDisable                
000023e7  IntRegister                     
00002439  IntUnregister                   
0000244d  IntPriorityGroupingSet          
00002467  IntPriorityGroupingGet          
0000249f  IntPrioritySet                  
000024ef  IntPriorityGet                  
00002513  IntEnable                       
00002585  IntDisable                      
000025f7  IntIsEnabled                    
0000267d  IntPendSet                      
000026ed  IntPendClear                    
0000273b  IntPriorityMaskSet              
00002747  IntPriorityMaskGet              
0000274f  IntTrigger                      
00002785  Timer0_Handler                  
000027dd  main                            
00002865  __aeabi_memcpy                  
00002865  __aeabi_memcpy4                 
00002865  __aeabi_memcpy8                 
00002865  memcpy                          
00002901  __TI_decompress_lzss            
00002969  __TI_auto_init_nobinit_nopinit  
000029ad  CPUcpsid                        
000029b9  CPUprimask                      
000029c3  CPUcpsie                        
000029cf  CPUwfi                          
000029d3  CPUbasepriSet                   
000029e1  CPUbasepriGet                   
000029ed  _c_int00_noargs                 
00002a21  __TI_zero_init_nomemset         
00002a3d  __TI_decompress_none            
00002a4b  ResetISR                        
00002a57  SysCtlDelay                     
00002a5d  _system_pre_init                
00002a61  C$$EXIT                         
00002a61  abort                           
00003090  __TI_Handler_Table_Base         
0000309c  __TI_Handler_Table_Limit        
000030b0  __TI_CINIT_Base                 
000030c0  __TI_CINIT_Limit                
20000000  __start___llvm_prf_cnts         
20000000  __stop___llvm_prf_cnts          
20000000  g_pfnRAMVectors                 
20000270  __stack                         
20000470  __STACK_END                     
20000470  __STACK_TOP                     
ffffffff  __TI_pprof_out_hndl             
ffffffff  __TI_prof_data_size             
ffffffff  __TI_prof_data_start            
ffffffff  __binit__                       
ffffffff  __c_args__                      
ffffffff  binit                           
UNDEFED   __mpu_init                      
UNDEFED   _system_post_cinit              

[200 symbols]
